════════════════════════════════════════════════════════════════
  Code2Day - Full Deployment (Judge0 + Backend + Frontend)
════════════════════════════════════════════════════════════════

[0;34m📋 Deployment Plan:[0m
   1. Stop all existing containers
   2. Build Judge0 custom image
   3. Build backend image
   4. Build frontend image
   5. Start all services
   6. Verify deployment


[0;34m🛑 Stopping all containers...[0m
time="2026-04-28T11:10:55+05:30" level=warning msg="/home/administrator/Desktop/doc_judge/judge0/docker-compose.yml: the attribute `version` is obsolete, it will be ignored, please remove it to avoid potential confusion"
[0;32m✅ All containers stopped[0m

[0;34m🔨 Building Judge0 custom image...[0m
time="2026-04-28T11:10:55+05:30" level=warning msg="/home/administrator/Desktop/doc_judge/judge0/docker-compose.yml: the attribute `version` is obsolete, it will be ignored, please remove it to avoid potential confusion"
 Image code2day-judge0:latest Building 
 Image code2day-judge0:latest Building 
#1 [internal] load local bake definitions
#1 reading from stdin 1.11kB done
#1 DONE 0.0s

#2 [judge0-server internal] load build definition from Dockerfile
#2 transferring dockerfile: 301B done
#2 DONE 0.0s

#3 [judge0-server internal] load metadata for docker.io/judge0/judge0:1.13.1
#3 DONE 1.1s

#4 [judge0-workers internal] load .dockerignore
#4 transferring context: 2B done
#4 DONE 0.0s

#5 [judge0-server 1/1] FROM docker.io/judge0/judge0:1.13.1@sha256:6b5d6a66aa19a8e878a52ea3c6a560afc1086734d96e2885b561fd5c6018f082
#5 CACHED

#6 [judge0-server] exporting to image
#6 exporting layers done
#6 writing image sha256:81bbbf7b9aea04408d05d369e751eb6857f9d7d18b57dbf64ce4b76ca3f5dbba done
#6 naming to docker.io/library/code2day-judge0:latest done
#6 DONE 0.0s

#7 [judge0-workers] exporting to image
#7 exporting layers done
#7 writing image sha256:237e9771fb70e43a9d6cbad28f61604df8b4ba923392f2268b6591284d535b1b done
#7 naming to docker.io/library/code2day-judge0:latest done
#7 DONE 0.0s

#8 [judge0-server] resolving provenance for metadata file
#8 DONE 0.0s

#9 [judge0-workers] resolving provenance for metadata file
#9 DONE 0.0s
 Image code2day-judge0:latest Built 
 Image code2day-judge0:latest Built 
[0;32m✅ Judge0 image built successfully[0m

[0;34m🔨 Building backend image...[0m
time="2026-04-28T11:10:56+05:30" level=warning msg="/home/administrator/Desktop/doc_judge/judge0/docker-compose.yml: the attribute `version` is obsolete, it will be ignored, please remove it to avoid potential confusion"
 Image code2day-judge0:latest Building 
 Image code2day-backend:latest Building 
#1 [internal] load local bake definitions
#1 reading from stdin 1.06kB done
#1 DONE 0.0s

#2 [internal] load build definition from Dockerfile.backend
#2 transferring dockerfile: 557B done
#2 DONE 0.0s

#3 [internal] load metadata for docker.io/library/python:3.11-slim
#3 DONE 1.5s

#4 [internal] load .dockerignore
#4 transferring context: 2B done
#4 DONE 0.0s

#5 [1/7] FROM docker.io/library/python:3.11-slim@sha256:6d85378d88a19cd4d76079817532d62232be95757cb45945a99fec8e8084b9c2
#5 DONE 0.0s

#6 [2/7] WORKDIR /app
#6 CACHED

#7 [internal] load build context
#7 transferring context: 8.20kB done
#7 DONE 0.0s

#8 [3/7] RUN apt-get update && apt-get install -y     postgresql-client     gcc     && rm -rf /var/lib/apt/lists/*
#8 0.375 Ign:1 http://deb.debian.org/debian trixie InRelease
#8 0.499 Ign:2 http://deb.debian.org/debian trixie-updates InRelease
#8 0.633 Ign:3 http://deb.debian.org/debian-security trixie-security InRelease
#8 1.848 Ign:3 http://deb.debian.org/debian-security trixie-security InRelease
#8 2.034 Ign:2 http://deb.debian.org/debian trixie-updates InRelease
#8 2.185 Ign:1 http://deb.debian.org/debian trixie InRelease
#8 4.265 Ign:1 http://deb.debian.org/debian trixie InRelease
#8 4.341 Ign:2 http://deb.debian.org/debian trixie-updates InRelease
#8 4.455 Ign:3 http://deb.debian.org/debian-security trixie-security InRelease
#8 8.573 Err:3 http://deb.debian.org/debian-security trixie-security InRelease
#8 8.573   Connection failed [IP: 151.101.66.132 80]
#8 8.573   Connection failed [IP: 151.101.130.132 80]
#8 8.698 Err:2 http://deb.debian.org/debian trixie-updates InRelease
#8 8.698   Connection failed [IP: 151.101.130.132 80]
#8 8.698   Connection failed [IP: 151.101.66.132 80]
#8 8.816 Err:1 http://deb.debian.org/debian trixie InRelease
#8 8.816   Connection failed [IP: 151.101.66.132 80]
#8 8.816   Connection failed [IP: 151.101.130.132 80]
#8 8.821 Reading package lists...
#8 8.861 W: Failed to fetch http://deb.debian.org/debian/dists/trixie/InRelease  Connection failed [IP: 151.101.130.132 80]
#8 8.861 W: Failed to fetch http://deb.debian.org/debian/dists/trixie-updates/InRelease  Connection failed [IP: 151.101.66.132 80]
#8 8.861 W: Failed to fetch http://deb.debian.org/debian-security/dists/trixie-security/InRelease  Connection failed [IP: 151.101.130.132 80]
#8 8.861 W: Some index files failed to download. They have been ignored, or old ones used instead.
#8 8.879 Reading package lists...
#8 8.891 Building dependency tree...
#8 8.892 Reading state information...
#8 8.893 E: Unable to locate package postgresql-client
#8 8.893 E: Unable to locate package gcc
#8 ERROR: process "/bin/sh -c apt-get update && apt-get install -y     postgresql-client     gcc     && rm -rf /var/lib/apt/lists/*" did not complete successfully: exit code: 100
------
 > [3/7] RUN apt-get update && apt-get install -y     postgresql-client     gcc     && rm -rf /var/lib/apt/lists/*:
8.821 Reading package lists...
8.861 W: Failed to fetch http://deb.debian.org/debian/dists/trixie/InRelease  Connection failed [IP: 151.101.130.132 80]
8.861 W: Failed to fetch http://deb.debian.org/debian/dists/trixie-updates/InRelease  Connection failed [IP: 151.101.66.132 80]
8.861 W: Failed to fetch http://deb.debian.org/debian-security/dists/trixie-security/InRelease  Connection failed [IP: 151.101.130.132 80]
8.861 W: Some index files failed to download. They have been ignored, or old ones used instead.
8.879 Reading package lists...
8.891 Building dependency tree...
8.892 Reading state information...
8.893 E: Unable to locate package postgresql-client
8.893 E: Unable to locate package gcc
------
Dockerfile.backend:6

--------------------

   5 |     # Install system dependencies

   6 | >>> RUN apt-get update && apt-get install -y \

   7 | >>>     postgresql-client \

   8 | >>>     gcc \

   9 | >>>     && rm -rf /var/lib/apt/lists/*

  10 |     

--------------------

failed to solve: process "/bin/sh -c apt-get update && apt-get install -y     postgresql-client     gcc     && rm -rf /var/lib/apt/lists/*" did not complete successfully: exit code: 100

